// Jest Snapshot v1, https://goo.gl/fbAQLP

exports[`category display renders display, then edit 1`] = `
<div
  className="categoryDisplay"
>
  <button
    id="categoryEdit"
    name="edit"
    onClick={[MockFunction]}
  >
    <i
      className="fas fa-pencil-alt"
    />
  </button>
  <p
    id="categoryHeader"
  >
    <strong>
      name
    </strong>
     |Â 
    <strong>
      $
      budget
    </strong>
  </p>
  <Connect(Expenses) />
</div>
`;
